---
source: crates/ruff/tests/analyze_api.rs
info:
  program: ruff
  args:
    - analyze
    - api
    - /tmp/.tmp6pK78Y/mypackage
---
success: true
exit_code: 0
----- stdout -----
Analyzing API for: [TEMPDIR]/mypackage
Found 5 target files and 0 external files
No public API symbols found with external usage.

----- stderr -----
