---
source: crates/ruff/tests/analyze_api.rs
info:
  program: ruff
  args:
    - analyze
    - api
    - /tmp/.tmpYffOXe/mypackage/config.py
---
success: true
exit_code: 0
----- stdout -----
Analyzing API for: [TEMPDIR]/mypackage/config.py
Found 1 target files and 4 external files
No public API symbols found with external usage.

----- stderr -----
