---
source: crates/ruff/tests/analyze_api.rs
info:
  program: ruff
  args:
    - analyze
    - api
    - /var/folders/4z/61xpg3dn54n92mwgk9864ydw0000gn/T/.tmpymHaDw/mypackage
---
success: true
exit_code: 0
----- stdout -----
No public API symbols found with external usage.

----- stderr -----
[TEMPDIR]/mypackage
[TIMESTAMP][ruff::commands::analyze_api][INFO] Using parallel processing for file analysis
[TEMPDIR]/mypackage
