---
source: crates/ruff/tests/analyze_api.rs
info:
  program: ruff
  args:
    - analyze
    - api
    - /tmp/.tmpdsVtmr/mypackage/core.py
---
success: true
exit_code: 0
----- stdout -----
Analyzing API for: [TEMPDIR]/mypackage/core.py
Found 1 target files and 4 external files
Public API for [TEMPDIR]/mypackage/core.py:

FUNCTION:
  add (1 external usages, public)
    Fully qualified: mypackage.core.add
    Add two numbers.
    Location: [TEMPDIR]/mypackage/core.py
    Imported by: [TEMPDIR]/mypackage/utils.py

  multiply (1 external usages, public)
    Fully qualified: mypackage.core.multiply
    Multiply two numbers.
    Location: [TEMPDIR]/mypackage/core.py
    Imported by: [TEMPDIR]/mypackage/utils.py

Found 2 public API symbols with external usage.

----- stderr -----
