---
source: crates/ruff/tests/analyze_api.rs
info:
  program: ruff
  args:
    - analyze
    - api
    - /tmp/.tmpC2hl4g/mypackage
    - "--output-format=json"
---
success: true
exit_code: 0
----- stdout -----
Analyzing API for: [TEMPDIR]/mypackage
Found 5 target files and 0 external files
{
  "public_api": [],
  "target_path": "[TEMPDIR]/mypackage"
}

----- stderr -----
